I'm sorry, but errors were detected in your script. Please correct the
errors listed below, and try again.


File "game/script.rpy", line 15: expected end of line
    play music "audio/Despertador.wav" faiden 1
                                       ^

Ren'Py Version: Ren'Py 8.1.3.23091805
Sun Oct 22 17:12:11 2023
